npm error code ERESOLVE
npm error ERESOLVE could not resolve
npm error
npm error While resolving: @rneui/base@4.0.0-rc.7
npm error Found: react-native-safe-area-context@5.6.2
npm error node_modules/react-native-safe-area-context
npm error   peer react-native-safe-area-context@">= 3.0.0" from @react-navigation/elements@1.3.17
npm error   node_modules/@react-navigation/elements
npm error     @react-navigation/elements@"^1.3.17" from @react-navigation/native-stack@6.9.12
npm error     node_modules/@react-navigation/native-stack
npm error       @react-navigation/native-stack@"^6.9.9" from the root project
npm error   peer react-native-safe-area-context@">= 3.0.0" from @react-navigation/native-stack@6.9.12
npm error   node_modules/@react-navigation/native-stack
npm error     @react-navigation/native-stack@"^6.9.9" from the root project
npm error   2 more (react-native-paper, the root project)
npm error
npm error Could not resolve dependency:
npm error peer react-native-safe-area-context@"^3.1.9 || ^4.0.0" from @rneui/base@4.0.0-rc.7
npm error node_modules/@rneui/base
npm error   peer @rneui/base@"4.0.0-rc.7" from @rneui/themed@4.0.0-rc.7
npm error   node_modules/@rneui/themed
npm error     @rneui/themed@"^4.0.0-rc.7" from the root project
npm error   @rneui/base@"^4.0.0-rc.7" from the root project
npm error
npm error Conflicting peer dependency: react-native-safe-area-context@4.14.1
npm error node_modules/react-native-safe-area-context
npm error   peer react-native-safe-area-context@"^3.1.9 || ^4.0.0" from @rneui/base@4.0.0-rc.7
npm error   node_modules/@rneui/base
npm error     peer @rneui/base@"4.0.0-rc.7" from @rneui/themed@4.0.0-rc.7
npm error     node_modules/@rneui/themed
npm error       @rneui/themed@"^4.0.0-rc.7" from the root project
npm error     @rneui/base@"^4.0.0-rc.7" from the root project
npm error
npm error Fix the upstream dependency conflict, or retry
npm error this command with --force or --legacy-peer-deps
npm error to accept an incorrect (and potentially broken) dependency resolution.
npm error
npm error
npm error For a full report see:
npm error /Users/oumizumi/.npm/_logs/2026-07-02T16_15_33_871Z-eresolve-report.txt
npm error A complete log of this run can be found in: /Users/oumizumi/.npm/_logs/2026-07-02T16_15_33_871Z-debug-0.log
